// Jest Snapshot v1, https://goo.gl/fbAQLP

exports[`<SignUp/> renders and matches snapshot 1`] = `
<div>
  <form
    class="Form-sc-1xszr8q-0 hVEEdl"
    method="POST"
  >
    <h2>
      Sign Up for an Account
    </h2>
    <fieldset>
      <label
        for="name"
      >
        Name:
        <input
          autocomplete="name"
          name="name"
          placeholder="Your name"
          type="text"
          value=""
        />
      </label>
      <label
        for="email"
      >
        Email:
        <input
          autocomplete="email"
          name="email"
          placeholder="Your email address"
          type="email"
          value=""
        />
      </label>
      <label
        for="password"
      >
        Password:
        <input
          autocomplete="password"
          name="password"
          placeholder="Password"
          type="password"
          value=""
        />
      </label>
      <button
        type="submit"
      >
        Sign Up Now!
      </button>
    </fieldset>
  </form>
</div>
`;
