// Jest Snapshot v1, https://goo.gl/fbAQLP

exports[`<SingleProduct/> renders with proper data 1`] = `
<div>
  <div
    class="SingleProduct__ProductStyles-sc-1kapz8w-0 iwifEq"
    data-testid="singleProduct"
  >
    <img
      src="dog.jpg"
    />
    <div
      class="details"
    >
      <h1>
        dogs are best
      </h1>
      <p>
        dogs
      </p>
    </div>
  </div>
</div>
`;
